// Jest Snapshot v1, https://goo.gl/fbAQLP

exports[`Attachment 공통 테스트 matches snapshot 1`] = `
<div>
  <button
    class="sc-bczRLJ ecuuZT"
  >
    <div
      class="sc-gsnTZi"
    >
      <svg
        class="sc-dkzDqf gfccow"
      >
        dummy_icon.svg
      </svg>
    </div>
    <div
      class="sc-hKMtZM elcAqk"
    >
      <div
        class="sc-eCYdqJ brbXSe"
      >
        이름
      </div>
      <div
        class="sc-jSMfEi bhbPBC"
      >
        크기
      </div>
    </div>
  </button>
</div>
`;
